Job started on c666 at Mon Mar 23 15:36:08 CDT 2026
============================================================
HPC HYPERVOLUME VISUALIZATION SCRIPT
============================================================
Run data folders:
  - results/2026-03-22_20-13-23/run_data
Output folder: results/combined_analysis
Sample interval: 100
Initial memory usage
Found 70 files in results/2026-03-22_20-13-23/run_data

File summary across all folders:
  design_repair: 10 files, 1.40 GB total
  genetic_algorithm: 10 files, 0.38 GB total
  intelligent_mutation_ga: 10 files, 0.36 GB total
  random_search: 10 files, 0.39 GB total
  rl_informed_env: 10 files, 7.26 GB total
  warm_start_ga: 10 files, 0.57 GB total
  warm_start_intelligent_mutation_ga: 10 files, 198.23 GB total

Available methods: ['Random Search', 'Genetic Algorithm', 'RL Informed Env', 'Warm Start GA', 'Design Repair', 'Intelligent Mutation GA', 'Warm Start Intelligent Mutation GA']

============================================================
Processing: Random Search (10 runs from all folders)
============================================================
Starting method processing
  Loading file 1/10: random_search_run_0.pkl
    File size: 0.04 GB
    Loaded, extracting hypervolumes...
    Done, extracted 241 hypervolume values
  Loading file 2/10: random_search_run_1.pkl
    File size: 0.04 GB
    Loaded, extracting hypervolumes...
    Done, extracted 241 hypervolume values
  Loading file 3/10: random_search_run_2.pkl
    File size: 0.04 GB
    Loaded, extracting hypervolumes...
    Done, extracted 241 hypervolume values
  Loading file 4/10: random_search_run_3.pkl
    File size: 0.04 GB
    Loaded, extracting hypervolumes...
    Done, extracted 241 hypervolume values
  Loading file 5/10: random_search_run_4.pkl
    File size: 0.04 GB
    Loaded, extracting hypervolumes...
    Done, extracted 241 hypervolume values
  Loading file 6/10: random_search_run_5.pkl
    File size: 0.04 GB
    Loaded, extracting hypervolumes...
    Done, extracted 241 hypervolume values
  Loading file 7/10: random_search_run_6.pkl
    File size: 0.04 GB
    Loaded, extracting hypervolumes...
    Done, extracted 241 hypervolume values
  Loading file 8/10: random_search_run_7.pkl
    File size: 0.04 GB
    Loaded, extracting hypervolumes...
    Done, extracted 241 hypervolume values
  Loading file 9/10: random_search_run_8.pkl
    File size: 0.04 GB
    Loaded, extracting hypervolumes...
    Done, extracted 241 hypervolume values
  Loading file 10/10: random_search_run_9.pkl
    File size: 0.04 GB
    Loaded, extracting hypervolumes...
    Done, extracted 241 hypervolume values
  Minimum length across runs: 241
  Array shape: (10, 241)
After creating numpy array
  Number of runs: 10
  Final HV - Mean: 0.497523
  Final HV - Median: 0.496993
  Final HV - Max: 0.566497
After cleanup

============================================================
Processing: Genetic Algorithm (10 runs from all folders)
============================================================
Starting method processing
  Loading file 1/10: genetic_algorithm_run_0.pkl
    File size: 0.04 GB
    Loaded, extracting hypervolumes...
    Done, extracted 227 hypervolume values
  Loading file 2/10: genetic_algorithm_run_1.pkl
    File size: 0.04 GB
    Loaded, extracting hypervolumes...
    Done, extracted 227 hypervolume values
  Loading file 3/10: genetic_algorithm_run_2.pkl
    File size: 0.04 GB
    Loaded, extracting hypervolumes...
    Done, extracted 227 hypervolume values
  Loading file 4/10: genetic_algorithm_run_3.pkl
    File size: 0.04 GB
    Loaded, extracting hypervolumes...
    Done, extracted 227 hypervolume values
  Loading file 5/10: genetic_algorithm_run_4.pkl
    File size: 0.04 GB
    Loaded, extracting hypervolumes...
    Done, extracted 227 hypervolume values
  Loading file 6/10: genetic_algorithm_run_5.pkl
    File size: 0.04 GB
    Loaded, extracting hypervolumes...
    Done, extracted 227 hypervolume values
  Loading file 7/10: genetic_algorithm_run_6.pkl
    File size: 0.04 GB
    Loaded, extracting hypervolumes...
    Done, extracted 227 hypervolume values
  Loading file 8/10: genetic_algorithm_run_7.pkl
    File size: 0.04 GB
    Loaded, extracting hypervolumes...
    Done, extracted 227 hypervolume values
  Loading file 9/10: genetic_algorithm_run_8.pkl
    File size: 0.04 GB
    Loaded, extracting hypervolumes...
    Done, extracted 227 hypervolume values
  Loading file 10/10: genetic_algorithm_run_9.pkl
    File size: 0.04 GB
    Loaded, extracting hypervolumes...
    Done, extracted 227 hypervolume values
  Truncated Genetic Algorithm to 22516 NFE
  Minimum length across runs: 227
  Array shape: (10, 227)
After creating numpy array
  Number of runs: 10
  Final HV - Mean: 0.400169
  Final HV - Median: 0.553067
  Final HV - Max: 0.615948
After cleanup

============================================================
Processing: RL Informed Env (10 runs from all folders)
============================================================
Starting method processing
  Loading file 1/10: rl_informed_env_run_0.pkl
    File size: 0.30 GB
    Loaded, extracting hypervolumes...
    Done, extracted 241 hypervolume values
  Loading file 2/10: rl_informed_env_run_1.pkl
    File size: 0.04 GB
    Loaded, extracting hypervolumes...
    Done, extracted 241 hypervolume values
  Loading file 3/10: rl_informed_env_run_2.pkl
    File size: 0.39 GB
    Loaded, extracting hypervolumes...
    Done, extracted 241 hypervolume values
  Loading file 4/10: rl_informed_env_run_3.pkl
    File size: 0.16 GB
    Loaded, extracting hypervolumes...
    Done, extracted 241 hypervolume values
  Loading file 5/10: rl_informed_env_run_4.pkl
    File size: 1.04 GB
    Loaded, extracting hypervolumes...
    Done, extracted 241 hypervolume values
  Loading file 6/10: rl_informed_env_run_5.pkl
    File size: 0.69 GB
    Loaded, extracting hypervolumes...
    Done, extracted 241 hypervolume values
  Loading file 7/10: rl_informed_env_run_6.pkl
    File size: 0.05 GB
    Loaded, extracting hypervolumes...
    Done, extracted 241 hypervolume values
  Loading file 8/10: rl_informed_env_run_7.pkl
    File size: 0.64 GB
    Loaded, extracting hypervolumes...
    Done, extracted 241 hypervolume values
  Loading file 9/10: rl_informed_env_run_8.pkl
    File size: 1.44 GB
    Loaded, extracting hypervolumes...
    Done, extracted 241 hypervolume values
  Loading file 10/10: rl_informed_env_run_9.pkl
    File size: 2.49 GB
    Loaded, extracting hypervolumes...
    Done, extracted 241 hypervolume values
  Minimum length across runs: 241
  Array shape: (10, 241)
After creating numpy array
  Number of runs: 10
  Final HV - Mean: 0.420101
  Final HV - Median: 0.397837
  Final HV - Max: 0.590719
After cleanup

============================================================
Processing: Warm Start GA (10 runs from all folders)
============================================================
Starting method processing
  Loading file 1/10: warm_start_ga_run_0.pkl
    File size: 0.05 GB
    Loaded, extracting hypervolumes...
    Done, extracted 227 hypervolume values
  Loading file 2/10: warm_start_ga_run_1.pkl
    File size: 0.04 GB
    Loaded, extracting hypervolumes...
    Done, extracted 227 hypervolume values
  Loading file 3/10: warm_start_ga_run_2.pkl
    File size: 0.04 GB
    Loaded, extracting hypervolumes...
    Done, extracted 227 hypervolume values
  Loading file 4/10: warm_start_ga_run_3.pkl
    File size: 0.04 GB
    Loaded, extracting hypervolumes...
    Done, extracted 227 hypervolume values
  Loading file 5/10: warm_start_ga_run_4.pkl
    File size: 0.05 GB
    Loaded, extracting hypervolumes...
    Done, extracted 227 hypervolume values
  Loading file 6/10: warm_start_ga_run_5.pkl
    File size: 0.06 GB
    Loaded, extracting hypervolumes...
    Done, extracted 227 hypervolume values
  Loading file 7/10: warm_start_ga_run_6.pkl
    File size: 0.04 GB
    Loaded, extracting hypervolumes...
    Done, extracted 227 hypervolume values
  Loading file 8/10: warm_start_ga_run_7.pkl
    File size: 0.04 GB
    Loaded, extracting hypervolumes...
    Done, extracted 227 hypervolume values
  Loading file 9/10: warm_start_ga_run_8.pkl
    File size: 0.16 GB
    Loaded, extracting hypervolumes...
    Done, extracted 227 hypervolume values
  Loading file 10/10: warm_start_ga_run_9.pkl
    File size: 0.05 GB
    Loaded, extracting hypervolumes...
    Done, extracted 227 hypervolume values
  Truncated Warm Start GA to 22516 NFE
  Minimum length across runs: 227
  Array shape: (10, 227)
After creating numpy array
  Number of runs: 10
  Final HV - Mean: 0.585174
  Final HV - Median: 0.589203
  Final HV - Max: 0.641259
After cleanup

============================================================
Processing: Design Repair (10 runs from all folders)
============================================================
Starting method processing
  Loading file 1/10: design_repair_run_0.pkl
    File size: 0.17 GB
    Loaded, extracting hypervolumes...
    Done, extracted 242 hypervolume values
  Loading file 2/10: design_repair_run_1.pkl
    File size: 0.19 GB
    Loaded, extracting hypervolumes...
    Done, extracted 242 hypervolume values
  Loading file 3/10: design_repair_run_2.pkl
    File size: 0.12 GB
    Loaded, extracting hypervolumes...
    Done, extracted 242 hypervolume values
  Loading file 4/10: design_repair_run_3.pkl
    File size: 0.08 GB
    Loaded, extracting hypervolumes...
    Done, extracted 242 hypervolume values
  Loading file 5/10: design_repair_run_4.pkl
    File size: 0.17 GB
    Loaded, extracting hypervolumes...
    Done, extracted 242 hypervolume values
  Loading file 6/10: design_repair_run_5.pkl
    File size: 0.13 GB
    Loaded, extracting hypervolumes...
    Done, extracted 242 hypervolume values
  Loading file 7/10: design_repair_run_6.pkl
    File size: 0.04 GB
    Loaded, extracting hypervolumes...
    Done, extracted 242 hypervolume values
  Loading file 8/10: design_repair_run_7.pkl
    File size: 0.19 GB
    Loaded, extracting hypervolumes...
    Done, extracted 242 hypervolume values
  Loading file 9/10: design_repair_run_8.pkl
    File size: 0.19 GB
    Loaded, extracting hypervolumes...
    Done, extracted 242 hypervolume values
  Loading file 10/10: design_repair_run_9.pkl
    File size: 0.12 GB
    Loaded, extracting hypervolumes...
    Done, extracted 242 hypervolume values
  Truncated Design Repair to 24006 NFE
  Minimum length across runs: 242
  Array shape: (10, 242)
After creating numpy array
  Number of runs: 10
  Final HV - Mean: 0.564645
  Final HV - Median: 0.562344
  Final HV - Max: 0.652679
After cleanup

============================================================
Processing: Intelligent Mutation GA (10 runs from all folders)
============================================================
Starting method processing
  Loading file 1/10: intelligent_mutation_ga_run_0.pkl
    File size: 0.04 GB
    Loaded, extracting hypervolumes...
    Done, extracted 226 hypervolume values
  Loading file 2/10: intelligent_mutation_ga_run_1.pkl
    File size: 0.04 GB
    Loaded, extracting hypervolumes...
    Done, extracted 226 hypervolume values
  Loading file 3/10: intelligent_mutation_ga_run_2.pkl
    File size: 0.04 GB
    Loaded, extracting hypervolumes...
    Done, extracted 226 hypervolume values
  Loading file 4/10: intelligent_mutation_ga_run_3.pkl
    File size: 0.04 GB
    Loaded, extracting hypervolumes...
    Done, extracted 226 hypervolume values
  Loading file 5/10: intelligent_mutation_ga_run_4.pkl
    File size: 0.04 GB
    Loaded, extracting hypervolumes...
    Done, extracted 225 hypervolume values
  Loading file 6/10: intelligent_mutation_ga_run_5.pkl
    File size: 0.04 GB
    Loaded, extracting hypervolumes...
    Done, extracted 226 hypervolume values
  Loading file 7/10: intelligent_mutation_ga_run_6.pkl
    File size: 0.04 GB
    Loaded, extracting hypervolumes...
    Done, extracted 226 hypervolume values
  Loading file 8/10: intelligent_mutation_ga_run_7.pkl
    File size: 0.04 GB
    Loaded, extracting hypervolumes...
    Done, extracted 226 hypervolume values
  Loading file 9/10: intelligent_mutation_ga_run_8.pkl
    File size: 0.04 GB
    Loaded, extracting hypervolumes...
    Done, extracted 226 hypervolume values
  Loading file 10/10: intelligent_mutation_ga_run_9.pkl
    File size: 0.04 GB
    Loaded, extracting hypervolumes...
    Done, extracted 226 hypervolume values
  Truncated Intelligent Mutation GA to 22361 NFE
  Minimum length across runs: 225
  Array shape: (10, 225)
After creating numpy array
  Number of runs: 10
  Final HV - Mean: 0.000005
  Final HV - Median: 0.000005
  Final HV - Max: 0.000005
After cleanup

============================================================
Processing: Warm Start Intelligent Mutation GA (10 runs from all folders)
============================================================
Starting method processing
  Loading file 1/10: warm_start_intelligent_mutation_ga_run_0.pkl
    File size: 7.97 GB
    Loaded, extracting hypervolumes...
    Done, extracted 127 hypervolume values
  Loading file 2/10: warm_start_intelligent_mutation_ga_run_1.pkl
    File size: 2.32 GB
    Loaded, extracting hypervolumes...
    Done, extracted 166 hypervolume values
  Loading file 3/10: warm_start_intelligent_mutation_ga_run_2.pkl
    File size: 9.12 GB
    Loaded, extracting hypervolumes...
    Done, extracted 149 hypervolume values
  Loading file 4/10: warm_start_intelligent_mutation_ga_run_3.pkl
    File size: 12.77 GB
    Loaded, extracting hypervolumes...
    Done, extracted 98 hypervolume values
  Loading file 5/10: warm_start_intelligent_mutation_ga_run_4.pkl
    File size: 36.00 GB
    Loaded, extracting hypervolumes...
    Done, extracted 136 hypervolume values
  Loading file 6/10: warm_start_intelligent_mutation_ga_run_5.pkl
    File size: 44.59 GB
    Loaded, extracting hypervolumes...
    Done, extracted 106 hypervolume values
  Loading file 7/10: warm_start_intelligent_mutation_ga_run_6.pkl
    File size: 1.21 GB
    Loaded, extracting hypervolumes...
    Done, extracted 184 hypervolume values
  Loading file 8/10: warm_start_intelligent_mutation_ga_run_7.pkl
    File size: 9.48 GB
    Loaded, extracting hypervolumes...
    Done, extracted 148 hypervolume values
  Loading file 9/10: warm_start_intelligent_mutation_ga_run_8.pkl
    File size: 56.94 GB
    Loaded, extracting hypervolumes...
    Done, extracted 105 hypervolume values
  Loading file 10/10: warm_start_intelligent_mutation_ga_run_9.pkl
    File size: 17.84 GB
    Loaded, extracting hypervolumes...
    Done, extracted 153 hypervolume values
  Truncated Warm Start Intelligent Mutation GA to 9627 NFE
  Minimum length across runs: 98
  Array shape: (10, 98)
After creating numpy array
  Number of runs: 10
  Final HV - Mean: 0.002261
  Final HV - Median: 0.000000
  Final HV - Max: 0.022610
After cleanup

============================================================
Creating plots...
============================================================
Saved: results/combined_analysis/hypervolume_comparison_median.png
Saved: results/combined_analysis/hypervolume_comparison_full.png
Saved statistics to: results/combined_analysis/hypervolume_statistics.pkl
Saved summary to: results/combined_analysis/summary_statistics.txt

============================================================
COMPLETED
============================================================
All outputs saved to: results/combined_analysis
Final memory usage
Job completed at Mon Mar 23 15:45:44 CDT 2026
